---
--- MULTI_EXPIRE_TABLE_CACHE
---
SET citus.next_shard_id TO 1220000;
-- create test table
CREATE TABLE large_table(a int, b int);
SELECT master_create_distributed_table('large_table', 'a', 'hash');
 master_create_distributed_table 
---------------------------------
 
(1 row)

SELECT master_create_worker_shards('large_table', 8, 1);
 master_create_worker_shards 
-----------------------------
 
(1 row)

CREATE TABLE broadcast_table(a int, b int);
SELECT master_create_distributed_table('broadcast_table', 'a', 'hash');
 master_create_distributed_table 
---------------------------------
 
(1 row)

SELECT master_create_worker_shards('broadcast_table', 2, 1);
 master_create_worker_shards 
-----------------------------
 
(1 row)

-- verify only small tables are supported
SELECT master_expire_table_cache('large_table');
ERROR:  function master_expire_table_cache(unknown) does not exist
LINE 1: SELECT master_expire_table_cache('large_table');
               ^
HINT:  No function matches the given name and argument types. You might need to add explicit type casts.
SELECT master_expire_table_cache('broadcast_table');
ERROR:  function master_expire_table_cache(unknown) does not exist
LINE 1: SELECT master_expire_table_cache('broadcast_table');
               ^
HINT:  No function matches the given name and argument types. You might need to add explicit type casts.
-- run a join so that broadcast tables are cached on other workers
SELECT * from large_table l, broadcast_table b where l.a = b.b;
WARNING:  relation "broadcast_table_1220008" does not exist
CONTEXT:  while executing command on localhost:57638
WARNING:  relation "broadcast_table_1220008" does not exist
CONTEXT:  while executing command on localhost:57638
WARNING:  relation "broadcast_table_1220009" does not exist
CONTEXT:  while executing command on localhost:57637
WARNING:  relation "broadcast_table_1220009" does not exist
CONTEXT:  while executing command on localhost:57637
WARNING:  relation "broadcast_table_1220008" does not exist
CONTEXT:  while executing command on localhost:57638
WARNING:  relation "broadcast_table_1220009" does not exist
CONTEXT:  while executing command on localhost:57637
WARNING:  relation "broadcast_table_1220009" does not exist
CONTEXT:  while executing command on localhost:57637
WARNING:  relation "broadcast_table_1220008" does not exist
CONTEXT:  while executing command on localhost:57638
WARNING:  relation "broadcast_table_1220008" does not exist
CONTEXT:  while executing command on localhost:57638
WARNING:  relation "broadcast_table_1220008" does not exist
CONTEXT:  while executing command on localhost:57638
WARNING:  relation "broadcast_table_1220009" does not exist
CONTEXT:  while executing command on localhost:57637
WARNING:  relation "broadcast_table_1220009" does not exist
CONTEXT:  while executing command on localhost:57637
WARNING:  relation "broadcast_table_1220008" does not exist
CONTEXT:  while executing command on localhost:57638
WARNING:  relation "broadcast_table_1220009" does not exist
CONTEXT:  while executing command on localhost:57637
WARNING:  relation "broadcast_table_1220008" does not exist
CONTEXT:  while executing command on localhost:57638
WARNING:  relation "broadcast_table_1220009" does not exist
CONTEXT:  while executing command on localhost:57637
WARNING:  relation "broadcast_table_1220008" does not exist
CONTEXT:  while executing command on localhost:57638
ERROR:  failed to execute task 7
-- insert some data
INSERT INTO large_table VALUES(1, 1);
INSERT INTO large_table VALUES(1, 2);
INSERT INTO large_table VALUES(2, 1);
INSERT INTO large_table VALUES(2, 2);
INSERT INTO large_table VALUES(3, 1);
INSERT INTO large_table VALUES(3, 2);
INSERT INTO broadcast_table VALUES(1, 1);
-- verify returned results are wrong
SELECT * from large_table l, broadcast_table b WHERE l.b = b.b ORDER BY l.a, l.b;
WARNING:  relation "broadcast_table_1220008" does not exist
CONTEXT:  while executing command on localhost:57638
WARNING:  relation "broadcast_table_1220009" does not exist
CONTEXT:  while executing command on localhost:57637
WARNING:  relation "broadcast_table_1220008" does not exist
CONTEXT:  while executing command on localhost:57638
WARNING:  relation "broadcast_table_1220009" does not exist
CONTEXT:  while executing command on localhost:57637
WARNING:  relation "broadcast_table_1220008" does not exist
CONTEXT:  while executing command on localhost:57638
WARNING:  relation "broadcast_table_1220009" does not exist
CONTEXT:  while executing command on localhost:57637
WARNING:  relation "broadcast_table_1220008" does not exist
CONTEXT:  while executing command on localhost:57638
WARNING:  relation "broadcast_table_1220009" does not exist
CONTEXT:  while executing command on localhost:57637
WARNING:  relation "broadcast_table_1220008" does not exist
CONTEXT:  while executing command on localhost:57638
WARNING:  relation "broadcast_table_1220009" does not exist
CONTEXT:  while executing command on localhost:57637
WARNING:  relation "broadcast_table_1220008" does not exist
CONTEXT:  while executing command on localhost:57638
WARNING:  relation "broadcast_table_1220009" does not exist
CONTEXT:  while executing command on localhost:57637
WARNING:  relation "broadcast_table_1220008" does not exist
CONTEXT:  while executing command on localhost:57638
WARNING:  relation "broadcast_table_1220009" does not exist
CONTEXT:  while executing command on localhost:57637
WARNING:  relation "broadcast_table_1220008" does not exist
CONTEXT:  while executing command on localhost:57638
WARNING:  relation "broadcast_table_1220009" does not exist
CONTEXT:  while executing command on localhost:57637
WARNING:  relation "broadcast_table_1220008" does not exist
CONTEXT:  while executing command on localhost:57638
WARNING:  relation "broadcast_table_1220009" does not exist
CONTEXT:  while executing command on localhost:57637
ERROR:  failed to execute task 3
-- expire cache and re-run, results should be correct this time
SELECT master_expire_table_cache('broadcast_table');
ERROR:  function master_expire_table_cache(unknown) does not exist
LINE 1: SELECT master_expire_table_cache('broadcast_table');
               ^
HINT:  No function matches the given name and argument types. You might need to add explicit type casts.
SELECT * from large_table l, broadcast_table b WHERE l.b = b.b ORDER BY l.a, l.b;
WARNING:  relation "broadcast_table_1220008" does not exist
CONTEXT:  while executing command on localhost:57638
WARNING:  relation "broadcast_table_1220009" does not exist
CONTEXT:  while executing command on localhost:57637
WARNING:  relation "broadcast_table_1220008" does not exist
CONTEXT:  while executing command on localhost:57638
WARNING:  relation "broadcast_table_1220009" does not exist
CONTEXT:  while executing command on localhost:57637
WARNING:  relation "broadcast_table_1220008" does not exist
CONTEXT:  while executing command on localhost:57638
WARNING:  relation "broadcast_table_1220009" does not exist
CONTEXT:  while executing command on localhost:57637
WARNING:  relation "broadcast_table_1220008" does not exist
CONTEXT:  while executing command on localhost:57638
WARNING:  relation "broadcast_table_1220009" does not exist
CONTEXT:  while executing command on localhost:57637
WARNING:  relation "broadcast_table_1220008" does not exist
CONTEXT:  while executing command on localhost:57638
WARNING:  relation "broadcast_table_1220009" does not exist
CONTEXT:  while executing command on localhost:57637
WARNING:  relation "broadcast_table_1220008" does not exist
CONTEXT:  while executing command on localhost:57638
WARNING:  relation "broadcast_table_1220009" does not exist
CONTEXT:  while executing command on localhost:57637
WARNING:  relation "broadcast_table_1220008" does not exist
CONTEXT:  while executing command on localhost:57638
WARNING:  relation "broadcast_table_1220009" does not exist
CONTEXT:  while executing command on localhost:57637
WARNING:  relation "broadcast_table_1220008" does not exist
CONTEXT:  while executing command on localhost:57638
WARNING:  relation "broadcast_table_1220009" does not exist
CONTEXT:  while executing command on localhost:57637
WARNING:  relation "broadcast_table_1220008" does not exist
CONTEXT:  while executing command on localhost:57638
WARNING:  relation "broadcast_table_1220009" does not exist
CONTEXT:  while executing command on localhost:57637
WARNING:  relation "broadcast_table_1220008" does not exist
CONTEXT:  while executing command on localhost:57638
WARNING:  relation "broadcast_table_1220009" does not exist
CONTEXT:  while executing command on localhost:57637
ERROR:  failed to execute task 3
-- insert some more data into broadcast table
INSERT INTO broadcast_table VALUES(2, 2);
-- run the same query, get wrong results
SELECT * from large_table l, broadcast_table b WHERE l.b = b.b ORDER BY l.a, l.b;
WARNING:  relation "broadcast_table_1220008" does not exist
CONTEXT:  while executing command on localhost:57638
WARNING:  relation "broadcast_table_1220009" does not exist
CONTEXT:  while executing command on localhost:57637
WARNING:  relation "broadcast_table_1220008" does not exist
CONTEXT:  while executing command on localhost:57638
WARNING:  relation "broadcast_table_1220009" does not exist
CONTEXT:  while executing command on localhost:57637
WARNING:  relation "broadcast_table_1220008" does not exist
CONTEXT:  while executing command on localhost:57638
WARNING:  relation "broadcast_table_1220009" does not exist
CONTEXT:  while executing command on localhost:57637
WARNING:  relation "broadcast_table_1220008" does not exist
CONTEXT:  while executing command on localhost:57638
WARNING:  relation "broadcast_table_1220009" does not exist
CONTEXT:  while executing command on localhost:57637
WARNING:  relation "broadcast_table_1220008" does not exist
CONTEXT:  while executing command on localhost:57638
WARNING:  relation "broadcast_table_1220009" does not exist
CONTEXT:  while executing command on localhost:57637
WARNING:  relation "broadcast_table_1220008" does not exist
CONTEXT:  while executing command on localhost:57638
WARNING:  relation "broadcast_table_1220009" does not exist
CONTEXT:  while executing command on localhost:57637
WARNING:  relation "broadcast_table_1220008" does not exist
CONTEXT:  while executing command on localhost:57638
WARNING:  relation "broadcast_table_1220009" does not exist
CONTEXT:  while executing command on localhost:57637
WARNING:  relation "broadcast_table_1220008" does not exist
CONTEXT:  while executing command on localhost:57638
WARNING:  relation "broadcast_table_1220009" does not exist
CONTEXT:  while executing command on localhost:57637
WARNING:  relation "broadcast_table_1220008" does not exist
CONTEXT:  while executing command on localhost:57638
WARNING:  relation "broadcast_table_1220009" does not exist
CONTEXT:  while executing command on localhost:57637
WARNING:  relation "broadcast_table_1220008" does not exist
CONTEXT:  while executing command on localhost:57638
ERROR:  failed to execute task 3
-- expire cache and re-run, results should be correct this time
SELECT master_expire_table_cache('broadcast_table');
ERROR:  function master_expire_table_cache(unknown) does not exist
LINE 1: SELECT master_expire_table_cache('broadcast_table');
               ^
HINT:  No function matches the given name and argument types. You might need to add explicit type casts.
SELECT * from large_table l, broadcast_table b WHERE l.b = b.b ORDER BY l.a, l.b;
WARNING:  relation "broadcast_table_1220008" does not exist
CONTEXT:  while executing command on localhost:57638
WARNING:  relation "broadcast_table_1220009" does not exist
CONTEXT:  while executing command on localhost:57637
WARNING:  relation "broadcast_table_1220008" does not exist
CONTEXT:  while executing command on localhost:57638
WARNING:  relation "broadcast_table_1220009" does not exist
CONTEXT:  while executing command on localhost:57637
WARNING:  relation "broadcast_table_1220008" does not exist
CONTEXT:  while executing command on localhost:57638
WARNING:  relation "broadcast_table_1220009" does not exist
CONTEXT:  while executing command on localhost:57637
WARNING:  relation "broadcast_table_1220008" does not exist
CONTEXT:  while executing command on localhost:57638
WARNING:  relation "broadcast_table_1220009" does not exist
CONTEXT:  while executing command on localhost:57637
WARNING:  relation "broadcast_table_1220008" does not exist
CONTEXT:  while executing command on localhost:57638
WARNING:  relation "broadcast_table_1220009" does not exist
CONTEXT:  while executing command on localhost:57637
WARNING:  relation "broadcast_table_1220008" does not exist
CONTEXT:  while executing command on localhost:57638
WARNING:  relation "broadcast_table_1220009" does not exist
CONTEXT:  while executing command on localhost:57637
WARNING:  relation "broadcast_table_1220008" does not exist
CONTEXT:  while executing command on localhost:57638
WARNING:  relation "broadcast_table_1220009" does not exist
CONTEXT:  while executing command on localhost:57637
WARNING:  relation "broadcast_table_1220008" does not exist
CONTEXT:  while executing command on localhost:57638
WARNING:  relation "broadcast_table_1220009" does not exist
CONTEXT:  while executing command on localhost:57637
WARNING:  relation "broadcast_table_1220009" does not exist
CONTEXT:  while executing command on localhost:57637
WARNING:  relation "broadcast_table_1220008" does not exist
CONTEXT:  while executing command on localhost:57638
WARNING:  relation "broadcast_table_1220009" does not exist
CONTEXT:  while executing command on localhost:57637
WARNING:  relation "broadcast_table_1220008" does not exist
CONTEXT:  while executing command on localhost:57638
ERROR:  failed to execute task 2
DROP TABLE large_table, broadcast_table;
